src/features/admin/campus/components/CampusList.tsx(1,21): error TS6133: 'Plus' is declared but its value is never read.
src/features/admin/campus/components/CampusList.tsx(3,1): error TS6133: 'Button' is declared but its value is never read.
src/features/admin/campus/components/CampusList.tsx(5,10): error TS1484: 'CampusListProps' is a type and must be imported using a type-only import when 'verbatimModuleSyntax' is enabled.
src/features/auth/components/RegisterForm.tsx(38,43): error TS6133: 'loadingCampuses' is declared but its value is never read.
src/pages/private/admin/AdminDashboard.tsx(671,58): error TS2339: Property 'roleName' does not exist on type 'AdminUser'.
src/pages/private/admin/AdminUsersPage.tsx(920,55): error TS2339: Property 'roleName' does not exist on type 'AdminUser'.
src/pages/private/student/ProfilePage.tsx(31,29): error TS6133: 'CardDescription' is declared but its value is never read.
src/pages/private/student/ProfilePage.tsx(32,1): error TS6133: 'Separator' is declared but its value is never read.
